[2024-05-02T23:29:06.349+0200][0.027s] Heap region size: 1M
[2024-05-02T23:29:06.596+0200][0.274s] Using G1
[2024-05-02T23:29:06.596+0200][0.274s] Heap address: 0x00000000e0000000, size: 512 MB, Compressed Oops mode: 32-bit
[2024-05-02T23:29:06.596+0200][0.274s] Mark closed archive regions in map: [0x00000000fff00000, 0x00000000fff6bff8]
[2024-05-02T23:29:06.597+0200][0.274s] Mark open archive regions in map: [0x00000000ffe00000, 0x00000000ffe47ff8]
[2024-05-02T23:29:07.588+0200][1.265s] GC(0) Pause Young (Normal) (G1 Evacuation Pause)
[2024-05-02T23:29:07.589+0200][1.266s] GC(0) Using 12 workers of 13 for evacuation
[2024-05-02T23:29:07.620+0200][1.297s] GC(0)   Pre Evacuate Collection Set: 0.1ms
[2024-05-02T23:29:07.620+0200][1.297s] GC(0)   Evacuate Collection Set: 20.9ms
[2024-05-02T23:29:07.620+0200][1.297s] GC(0)   Post Evacuate Collection Set: 9.6ms
[2024-05-02T23:29:07.620+0200][1.297s] GC(0)   Other: 1.4ms
[2024-05-02T23:29:07.620+0200][1.297s] GC(0) Eden regions: 30->0(303)
[2024-05-02T23:29:07.620+0200][1.297s] GC(0) Survivor regions: 0->4(4)
[2024-05-02T23:29:07.620+0200][1.297s] GC(0) Old regions: 2->3
[2024-05-02T23:29:07.620+0200][1.297s] GC(0) Humongous regions: 4->4
[2024-05-02T23:29:07.620+0200][1.297s] GC(0) Metaspace: 9664K(10240K)->9664K(10240K) NonClass: 8532K(8960K)->8532K(8960K) Class: 1132K(1280K)->1132K(1280K)
[2024-05-02T23:29:07.620+0200][1.297s] GC(0) Pause Young (Normal) (G1 Evacuation Pause) 34M->9M(512M) 32.094ms
[2024-05-02T23:29:07.620+0200][1.297s] GC(0) User=0.30s Sys=0.01s Real=0.03s
[2024-05-02T23:29:09.410+0200][3.087s] GC(1) Pause Young (Concurrent Start) (Metadata GC Threshold)
[2024-05-02T23:29:09.410+0200][3.088s] GC(1) Using 13 workers of 13 for evacuation
[2024-05-02T23:29:09.434+0200][3.111s] GC(1)   Pre Evacuate Collection Set: 0.0ms
[2024-05-02T23:29:09.434+0200][3.111s] GC(1)   Evacuate Collection Set: 18.5ms
[2024-05-02T23:29:09.434+0200][3.111s] GC(1)   Post Evacuate Collection Set: 4.7ms
[2024-05-02T23:29:09.434+0200][3.111s] GC(1)   Other: 0.7ms
[2024-05-02T23:29:09.434+0200][3.111s] GC(1) Eden regions: 96->0(93)
[2024-05-02T23:29:09.434+0200][3.111s] GC(1) Survivor regions: 4->18(39)
[2024-05-02T23:29:09.434+0200][3.111s] GC(1) Old regions: 3->3
[2024-05-02T23:29:09.434+0200][3.111s] GC(1) Humongous regions: 4->4
[2024-05-02T23:29:09.434+0200][3.111s] GC(1) Metaspace: 20448K(21248K)->20448K(21248K) NonClass: 18119K(18688K)->18119K(18688K) Class: 2328K(2560K)->2328K(2560K)
[2024-05-02T23:29:09.434+0200][3.111s] GC(1) Pause Young (Concurrent Start) (Metadata GC Threshold) 105M->23M(512M) 23.933ms
[2024-05-02T23:29:09.434+0200][3.111s] GC(1) User=0.22s Sys=0.00s Real=0.03s
[2024-05-02T23:29:09.434+0200][3.111s] GC(2) Concurrent Cycle
[2024-05-02T23:29:09.434+0200][3.111s] GC(2) Concurrent Clear Claimed Marks
[2024-05-02T23:29:09.434+0200][3.111s] GC(2) Concurrent Clear Claimed Marks 0.058ms
[2024-05-02T23:29:09.434+0200][3.111s] GC(2) Concurrent Scan Root Regions
[2024-05-02T23:29:09.437+0200][3.115s] GC(2) Concurrent Scan Root Regions 3.294ms
[2024-05-02T23:29:09.437+0200][3.115s] GC(2) Concurrent Mark (3.115s)
[2024-05-02T23:29:09.437+0200][3.115s] GC(2) Concurrent Mark From Roots
[2024-05-02T23:29:09.437+0200][3.115s] GC(2) Using 3 workers of 3 for marking
[2024-05-02T23:29:09.446+0200][3.124s] GC(2) Concurrent Mark From Roots 9.136ms
[2024-05-02T23:29:09.447+0200][3.124s] GC(2) Concurrent Preclean
[2024-05-02T23:29:09.447+0200][3.124s] GC(2) Concurrent Preclean 0.483ms
[2024-05-02T23:29:09.447+0200][3.124s] GC(2) Concurrent Mark (3.115s, 3.124s) 9.724ms
[2024-05-02T23:29:09.447+0200][3.125s] GC(2) Pause Remark
[2024-05-02T23:29:09.453+0200][3.131s] GC(2) Cleaned string and symbol table, strings: 8629 processed, 0 removed, symbols: 58778 processed, 42 removed
[2024-05-02T23:29:09.454+0200][3.131s] GC(2) Pause Remark 23M->23M(512M) 6.301ms
[2024-05-02T23:29:09.454+0200][3.131s] GC(2) User=0.06s Sys=0.00s Real=0.01s
[2024-05-02T23:29:09.454+0200][3.131s] GC(2) Concurrent Rebuild Remembered Sets
[2024-05-02T23:29:09.462+0200][3.139s] GC(2) Concurrent Rebuild Remembered Sets 8.007ms
[2024-05-02T23:29:09.463+0200][3.140s] GC(2) Pause Cleanup
[2024-05-02T23:29:09.463+0200][3.141s] GC(2) Pause Cleanup 23M->23M(512M) 0.381ms
[2024-05-02T23:29:09.463+0200][3.141s] GC(2) User=0.00s Sys=0.00s Real=0.00s
[2024-05-02T23:29:09.464+0200][3.141s] GC(2) Concurrent Cleanup for Next Mark
[2024-05-02T23:29:09.466+0200][3.143s] GC(2) Concurrent Cleanup for Next Mark 2.269ms
[2024-05-02T23:29:09.466+0200][3.143s] GC(2) Concurrent Cycle 32.184ms
[2024-05-02T23:30:00.672+0200][54.349s] GC(3) Pause Young (Normal) (G1 Evacuation Pause)
[2024-05-02T23:30:00.672+0200][54.349s] GC(3) Using 13 workers of 13 for evacuation
[2024-05-02T23:30:00.724+0200][54.401s] GC(3)   Pre Evacuate Collection Set: 0.7ms
[2024-05-02T23:30:00.724+0200][54.401s] GC(3)   Evacuate Collection Set: 37.5ms
[2024-05-02T23:30:00.724+0200][54.401s] GC(3)   Post Evacuate Collection Set: 13.7ms
[2024-05-02T23:30:00.724+0200][54.401s] GC(3)   Other: 0.2ms
[2024-05-02T23:30:00.724+0200][54.401s] GC(3) Eden regions: 83->0(108)
[2024-05-02T23:30:00.724+0200][54.401s] GC(3) Survivor regions: 18->6(13)
[2024-05-02T23:30:00.724+0200][54.401s] GC(3) Old regions: 3->20
[2024-05-02T23:30:00.724+0200][54.401s] GC(3) Humongous regions: 4->4
[2024-05-02T23:30:00.724+0200][54.401s] GC(3) Metaspace: 30418K(31616K)->30418K(31616K) NonClass: 26905K(27648K)->26905K(27648K) Class: 3512K(3968K)->3512K(3968K)
[2024-05-02T23:30:00.724+0200][54.401s] GC(3) Pause Young (Normal) (G1 Evacuation Pause) 106M->28M(512M) 52.075ms
[2024-05-02T23:30:00.724+0200][54.401s] GC(3) User=0.57s Sys=0.00s Real=0.06s
[2024-05-02T23:30:01.491+0200][55.168s] GC(4) Pause Young (Concurrent Start) (Metadata GC Threshold)
[2024-05-02T23:30:01.491+0200][55.168s] GC(4) Using 13 workers of 13 for evacuation
[2024-05-02T23:30:01.503+0200][55.180s] GC(4)   Pre Evacuate Collection Set: 0.1ms
[2024-05-02T23:30:01.503+0200][55.180s] GC(4)   Evacuate Collection Set: 11.1ms
[2024-05-02T23:30:01.503+0200][55.180s] GC(4)   Post Evacuate Collection Set: 0.9ms
[2024-05-02T23:30:01.503+0200][55.180s] GC(4)   Other: 0.3ms
[2024-05-02T23:30:01.503+0200][55.180s] GC(4) Eden regions: 90->0(114)
[2024-05-02T23:30:01.503+0200][55.180s] GC(4) Survivor regions: 6->12(15)
[2024-05-02T23:30:01.503+0200][55.180s] GC(4) Old regions: 20->20
[2024-05-02T23:30:01.503+0200][55.180s] GC(4) Humongous regions: 6->5
[2024-05-02T23:30:01.503+0200][55.180s] GC(4) Metaspace: 34208K(35584K)->34208K(35584K) NonClass: 30242K(31232K)->30242K(31232K) Class: 3966K(4352K)->3966K(4352K)
[2024-05-02T23:30:01.503+0200][55.180s] GC(4) Pause Young (Concurrent Start) (Metadata GC Threshold) 120M->35M(512M) 12.517ms
[2024-05-02T23:30:01.503+0200][55.180s] GC(4) User=0.15s Sys=0.00s Real=0.02s
[2024-05-02T23:30:01.503+0200][55.181s] GC(5) Concurrent Cycle
[2024-05-02T23:30:01.503+0200][55.181s] GC(5) Concurrent Clear Claimed Marks
[2024-05-02T23:30:01.504+0200][55.181s] GC(5) Concurrent Clear Claimed Marks 0.211ms
[2024-05-02T23:30:01.504+0200][55.181s] GC(5) Concurrent Scan Root Regions
[2024-05-02T23:30:01.506+0200][55.183s] GC(5) Concurrent Scan Root Regions 2.292ms
[2024-05-02T23:30:01.506+0200][55.183s] GC(5) Concurrent Mark (55.183s)
[2024-05-02T23:30:01.506+0200][55.183s] GC(5) Concurrent Mark From Roots
[2024-05-02T23:30:01.506+0200][55.183s] GC(5) Using 3 workers of 3 for marking
[2024-05-02T23:30:01.521+0200][55.199s] GC(5) Concurrent Mark From Roots 15.408ms
[2024-05-02T23:30:01.521+0200][55.199s] GC(5) Concurrent Preclean
[2024-05-02T23:30:01.522+0200][55.199s] GC(5) Concurrent Preclean 0.139ms
[2024-05-02T23:30:01.522+0200][55.199s] GC(5) Concurrent Mark (55.183s, 55.199s) 15.614ms
[2024-05-02T23:30:01.522+0200][55.200s] GC(5) Pause Remark
[2024-05-02T23:30:01.539+0200][55.216s] GC(5) Cleaned string and symbol table, strings: 15497 processed, 25 removed, symbols: 94766 processed, 84 removed
[2024-05-02T23:30:01.539+0200][55.217s] GC(5) Pause Remark 39M->39M(512M) 16.824ms
[2024-05-02T23:30:01.539+0200][55.217s] GC(5) User=0.16s Sys=0.01s Real=0.01s
[2024-05-02T23:30:01.540+0200][55.217s] GC(5) Concurrent Rebuild Remembered Sets
[2024-05-02T23:30:01.547+0200][55.224s] GC(5) Concurrent Rebuild Remembered Sets 7.523ms
[2024-05-02T23:30:01.548+0200][55.225s] GC(5) Pause Cleanup
[2024-05-02T23:30:01.548+0200][55.226s] GC(5) Pause Cleanup 43M->43M(512M) 0.614ms
[2024-05-02T23:30:01.548+0200][55.226s] GC(5) User=0.00s Sys=0.00s Real=0.00s
[2024-05-02T23:30:01.548+0200][55.226s] GC(5) Concurrent Cleanup for Next Mark
[2024-05-02T23:30:01.551+0200][55.228s] GC(5) Concurrent Cleanup for Next Mark 2.594ms
[2024-05-02T23:30:01.551+0200][55.228s] GC(5) Concurrent Cycle 47.842ms
[2024-05-02T23:30:01.724+0200][55.402s] GC(6) Pause Young (Normal) (G1 Evacuation Pause)
[2024-05-02T23:30:01.724+0200][55.402s] GC(6) Using 13 workers of 13 for evacuation
[2024-05-02T23:30:01.746+0200][55.423s] GC(6)   Pre Evacuate Collection Set: 0.0ms
[2024-05-02T23:30:01.746+0200][55.423s] GC(6)   Evacuate Collection Set: 20.8ms
[2024-05-02T23:30:01.746+0200][55.423s] GC(6)   Post Evacuate Collection Set: 0.7ms
[2024-05-02T23:30:01.746+0200][55.423s] GC(6)   Other: 0.2ms
[2024-05-02T23:30:01.746+0200][55.423s] GC(6) Eden regions: 114->0(285)
[2024-05-02T23:30:01.746+0200][55.423s] GC(6) Survivor regions: 12->8(16)
[2024-05-02T23:30:01.746+0200][55.423s] GC(6) Old regions: 20->25
[2024-05-02T23:30:01.746+0200][55.423s] GC(6) Humongous regions: 5->5
[2024-05-02T23:30:01.746+0200][55.423s] GC(6) Metaspace: 35127K(36608K)->35127K(36608K) NonClass: 31051K(32000K)->31051K(32000K) Class: 4075K(4608K)->4075K(4608K)
[2024-05-02T23:30:01.746+0200][55.423s] GC(6) Pause Young (Normal) (G1 Evacuation Pause) 149M->35M(512M) 21.704ms
[2024-05-02T23:30:01.746+0200][55.423s] GC(6) User=0.27s Sys=0.00s Real=0.02s
[2024-05-03T00:03:51.311+0200][2084.988s] GC(7) Pause Young (Normal) (G1 Evacuation Pause)
[2024-05-03T00:03:51.314+0200][2084.991s] GC(7) Using 13 workers of 13 for evacuation
[2024-05-03T00:03:51.462+0200][2085.140s] GC(7)   Pre Evacuate Collection Set: 0.8ms
[2024-05-03T00:03:51.462+0200][2085.140s] GC(7)   Evacuate Collection Set: 128.0ms
[2024-05-03T00:03:51.462+0200][2085.140s] GC(7)   Post Evacuate Collection Set: 14.1ms
[2024-05-03T00:03:51.462+0200][2085.140s] GC(7)   Other: 8.6ms
[2024-05-03T00:03:51.462+0200][2085.140s] GC(7) Eden regions: 280->0(283)
[2024-05-03T00:03:51.462+0200][2085.140s] GC(7) Survivor regions: 8->24(36)
[2024-05-03T00:03:51.462+0200][2085.140s] GC(7) Old regions: 25->25
[2024-05-03T00:03:51.462+0200][2085.140s] GC(7) Humongous regions: 8->8
[2024-05-03T00:03:51.462+0200][2085.140s] GC(7) Metaspace: 45344K(46720K)->45344K(46720K) NonClass: 40120K(40960K)->40120K(40960K) Class: 5224K(5760K)->5224K(5760K)
[2024-05-03T00:03:51.463+0200][2085.140s] GC(7) Pause Young (Normal) (G1 Evacuation Pause) 318M->54M(512M) 151.283ms
[2024-05-03T00:03:51.463+0200][2085.140s] GC(7) User=1.83s Sys=0.00s Real=0.16s
[2024-05-03T00:19:15.525+0200][3009.202s] GC(8) Pause Young (Normal) (G1 Evacuation Pause)
[2024-05-03T00:19:15.525+0200][3009.202s] GC(8) Using 13 workers of 13 for evacuation
[2024-05-03T00:19:15.588+0200][3009.266s] GC(8)   Pre Evacuate Collection Set: 0.1ms
[2024-05-03T00:19:15.588+0200][3009.266s] GC(8)   Evacuate Collection Set: 43.0ms
[2024-05-03T00:19:15.588+0200][3009.266s] GC(8)   Post Evacuate Collection Set: 19.9ms
[2024-05-03T00:19:15.588+0200][3009.266s] GC(8)   Other: 0.8ms
[2024-05-03T00:19:15.588+0200][3009.266s] GC(8) Eden regions: 283->0(295)
[2024-05-03T00:19:15.588+0200][3009.266s] GC(8) Survivor regions: 24->12(39)
[2024-05-03T00:19:15.588+0200][3009.266s] GC(8) Old regions: 25->31
[2024-05-03T00:19:15.588+0200][3009.266s] GC(8) Humongous regions: 19->8
[2024-05-03T00:19:15.588+0200][3009.266s] GC(8) Metaspace: 47710K(49280K)->47710K(49280K) NonClass: 42242K(43264K)->42242K(43264K) Class: 5467K(6016K)->5467K(6016K)
[2024-05-03T00:19:15.588+0200][3009.266s] GC(8) Pause Young (Normal) (G1 Evacuation Pause) 348M->48M(512M) 63.406ms
[2024-05-03T00:19:15.588+0200][3009.266s] GC(8) User=0.71s Sys=0.06s Real=0.06s
[2024-05-03T00:21:13.514+0200][3127.191s] GC(9) Pause Young (Normal) (G1 Evacuation Pause)
[2024-05-03T00:21:13.514+0200][3127.191s] GC(9) Using 13 workers of 13 for evacuation
[2024-05-03T00:21:13.558+0200][3127.236s] GC(9)   Pre Evacuate Collection Set: 0.3ms
[2024-05-03T00:21:13.558+0200][3127.236s] GC(9)   Evacuate Collection Set: 19.3ms
[2024-05-03T00:21:13.558+0200][3127.236s] GC(9)   Post Evacuate Collection Set: 24.2ms
[2024-05-03T00:21:13.558+0200][3127.236s] GC(9)   Other: 0.6ms
[2024-05-03T00:21:13.558+0200][3127.236s] GC(9) Eden regions: 295->0(291)
[2024-05-03T00:21:13.558+0200][3127.236s] GC(9) Survivor regions: 12->16(39)
[2024-05-03T00:21:13.558+0200][3127.236s] GC(9) Old regions: 31->31
[2024-05-03T00:21:13.558+0200][3127.236s] GC(9) Humongous regions: 8->8
[2024-05-03T00:21:13.558+0200][3127.236s] GC(9) Metaspace: 48868K(50432K)->48868K(50432K) NonClass: 43284K(44288K)->43284K(44288K) Class: 5583K(6144K)->5583K(6144K)
[2024-05-03T00:21:13.558+0200][3127.236s] GC(9) Pause Young (Normal) (G1 Evacuation Pause) 343M->52M(512M) 44.245ms
[2024-05-03T00:21:13.558+0200][3127.236s] GC(9) User=0.53s Sys=0.01s Real=0.04s
[2024-05-03T00:26:29.947+0200][3443.624s] GC(10) Pause Young (Normal) (G1 Evacuation Pause)
[2024-05-03T00:26:29.947+0200][3443.624s] GC(10) Using 13 workers of 13 for evacuation
[2024-05-03T00:26:29.979+0200][3443.657s] GC(10)   Pre Evacuate Collection Set: 0.1ms
[2024-05-03T00:26:29.979+0200][3443.657s] GC(10)   Evacuate Collection Set: 16.1ms
[2024-05-03T00:26:29.979+0200][3443.657s] GC(10)   Post Evacuate Collection Set: 16.0ms
[2024-05-03T00:26:29.979+0200][3443.657s] GC(10)   Other: 0.3ms
[2024-05-03T00:26:29.979+0200][3443.657s] GC(10) Eden regions: 291->0(291)
[2024-05-03T00:26:29.979+0200][3443.657s] GC(10) Survivor regions: 16->16(39)
[2024-05-03T00:26:29.979+0200][3443.657s] GC(10) Old regions: 31->31
[2024-05-03T00:26:29.979+0200][3443.657s] GC(10) Humongous regions: 18->8
[2024-05-03T00:26:29.979+0200][3443.657s] GC(10) Metaspace: 51477K(52992K)->51477K(52992K) NonClass: 45674K(46592K)->45674K(46592K) Class: 5803K(6400K)->5803K(6400K)
[2024-05-03T00:26:29.979+0200][3443.657s] GC(10) Pause Young (Normal) (G1 Evacuation Pause) 353M->52M(512M) 32.481ms
[2024-05-03T00:26:29.979+0200][3443.657s] GC(10) User=0.34s Sys=0.02s Real=0.03s
[2024-05-03T00:27:19.354+0200][3493.031s] GC(11) Pause Young (Normal) (G1 Evacuation Pause)
[2024-05-03T00:27:19.354+0200][3493.031s] GC(11) Using 13 workers of 13 for evacuation
[2024-05-03T00:27:19.393+0200][3493.070s] GC(11)   Pre Evacuate Collection Set: 0.0ms
[2024-05-03T00:27:19.393+0200][3493.070s] GC(11)   Evacuate Collection Set: 16.0ms
[2024-05-03T00:27:19.393+0200][3493.070s] GC(11)   Post Evacuate Collection Set: 22.7ms
[2024-05-03T00:27:19.393+0200][3493.070s] GC(11)   Other: 0.2ms
[2024-05-03T00:27:19.393+0200][3493.070s] GC(11) Eden regions: 291->0(288)
[2024-05-03T00:27:19.393+0200][3493.070s] GC(11) Survivor regions: 16->19(39)
[2024-05-03T00:27:19.393+0200][3493.070s] GC(11) Old regions: 31->31
[2024-05-03T00:27:19.393+0200][3493.070s] GC(11) Humongous regions: 8->8
[2024-05-03T00:27:19.393+0200][3493.070s] GC(11) Metaspace: 51653K(53248K)->51653K(53248K) NonClass: 45848K(46848K)->45848K(46848K) Class: 5804K(6400K)->5804K(6400K)
[2024-05-03T00:27:19.393+0200][3493.070s] GC(11) Pause Young (Normal) (G1 Evacuation Pause) 343M->55M(512M) 38.982ms
[2024-05-03T00:27:19.393+0200][3493.070s] GC(11) User=0.40s Sys=0.02s Real=0.04s
[2024-05-03T00:31:06.752+0200][3720.429s] GC(12) Pause Young (Normal) (G1 Evacuation Pause)
[2024-05-03T00:31:06.752+0200][3720.429s] GC(12) Using 13 workers of 13 for evacuation
[2024-05-03T00:31:06.765+0200][3720.443s] GC(12)   Pre Evacuate Collection Set: 0.0ms
[2024-05-03T00:31:06.765+0200][3720.443s] GC(12)   Evacuate Collection Set: 9.0ms
[2024-05-03T00:31:06.765+0200][3720.443s] GC(12)   Post Evacuate Collection Set: 4.1ms
[2024-05-03T00:31:06.765+0200][3720.443s] GC(12)   Other: 0.9ms
[2024-05-03T00:31:06.765+0200][3720.443s] GC(12) Eden regions: 288->0(290)
[2024-05-03T00:31:06.765+0200][3720.443s] GC(12) Survivor regions: 19->17(39)
[2024-05-03T00:31:06.765+0200][3720.443s] GC(12) Old regions: 31->31
[2024-05-03T00:31:06.765+0200][3720.443s] GC(12) Humongous regions: 18->8
[2024-05-03T00:31:06.765+0200][3720.443s] GC(12) Metaspace: 53281K(54912K)->53281K(54912K) NonClass: 47334K(48384K)->47334K(48384K) Class: 5947K(6528K)->5947K(6528K)
[2024-05-03T00:31:06.765+0200][3720.443s] GC(12) Pause Young (Normal) (G1 Evacuation Pause) 353M->53M(512M) 13.313ms
[2024-05-03T00:31:06.765+0200][3720.443s] GC(12) User=0.13s Sys=0.00s Real=0.01s
[2024-05-03T00:31:56.332+0200][3770.009s] GC(13) Pause Young (Normal) (G1 Evacuation Pause)
[2024-05-03T00:31:56.332+0200][3770.009s] GC(13) Using 13 workers of 13 for evacuation
[2024-05-03T00:31:56.367+0200][3770.044s] GC(13)   Pre Evacuate Collection Set: 0.0ms
[2024-05-03T00:31:56.367+0200][3770.044s] GC(13)   Evacuate Collection Set: 12.4ms
[2024-05-03T00:31:56.367+0200][3770.044s] GC(13)   Post Evacuate Collection Set: 22.8ms
[2024-05-03T00:31:56.367+0200][3770.044s] GC(13)   Other: 0.2ms
[2024-05-03T00:31:56.367+0200][3770.044s] GC(13) Eden regions: 290->0(288)
[2024-05-03T00:31:56.367+0200][3770.044s] GC(13) Survivor regions: 17->19(39)
[2024-05-03T00:31:56.367+0200][3770.044s] GC(13) Old regions: 31->31
[2024-05-03T00:31:56.367+0200][3770.044s] GC(13) Humongous regions: 8->8
[2024-05-03T00:31:56.367+0200][3770.044s] GC(13) Metaspace: 53434K(54912K)->53434K(54912K) NonClass: 47485K(48384K)->47485K(48384K) Class: 5949K(6528K)->5949K(6528K)
[2024-05-03T00:31:56.367+0200][3770.044s] GC(13) Pause Young (Normal) (G1 Evacuation Pause) 343M->55M(512M) 35.410ms
[2024-05-03T00:31:56.367+0200][3770.044s] GC(13) User=0.34s Sys=0.01s Real=0.04s
[2024-05-03T00:34:30.656+0200][3924.333s] GC(14) Pause Young (Normal) (G1 Evacuation Pause)
[2024-05-03T00:34:30.656+0200][3924.333s] GC(14) Using 13 workers of 13 for evacuation
[2024-05-03T00:34:30.685+0200][3924.362s] GC(14)   Pre Evacuate Collection Set: 0.0ms
[2024-05-03T00:34:30.685+0200][3924.362s] GC(14)   Evacuate Collection Set: 13.3ms
[2024-05-03T00:34:30.685+0200][3924.362s] GC(14)   Post Evacuate Collection Set: 15.7ms
[2024-05-03T00:34:30.685+0200][3924.362s] GC(14)   Other: 0.2ms
[2024-05-03T00:34:30.685+0200][3924.362s] GC(14) Eden regions: 288->0(291)
[2024-05-03T00:34:30.685+0200][3924.362s] GC(14) Survivor regions: 19->16(39)
[2024-05-03T00:34:30.685+0200][3924.362s] GC(14) Old regions: 31->31
[2024-05-03T00:34:30.685+0200][3924.362s] GC(14) Humongous regions: 18->8
[2024-05-03T00:34:30.685+0200][3924.362s] GC(14) Metaspace: 55174K(56960K)->55174K(56960K) NonClass: 49064K(50176K)->49064K(50176K) Class: 6110K(6784K)->6110K(6784K)
[2024-05-03T00:34:30.685+0200][3924.362s] GC(14) Pause Young (Normal) (G1 Evacuation Pause) 353M->52M(512M) 29.149ms
[2024-05-03T00:34:30.685+0200][3924.362s] GC(14) User=0.30s Sys=0.00s Real=0.03s
[2024-05-03T00:35:23.944+0200][3977.621s] GC(15) Pause Young (Normal) (G1 Evacuation Pause)
[2024-05-03T00:35:23.944+0200][3977.621s] GC(15) Using 13 workers of 13 for evacuation
[2024-05-03T00:35:23.977+0200][3977.655s] GC(15)   Pre Evacuate Collection Set: 0.0ms
[2024-05-03T00:35:23.977+0200][3977.655s] GC(15)   Evacuate Collection Set: 12.9ms
[2024-05-03T00:35:23.977+0200][3977.655s] GC(15)   Post Evacuate Collection Set: 20.5ms
[2024-05-03T00:35:23.977+0200][3977.655s] GC(15)   Other: 0.1ms
[2024-05-03T00:35:23.977+0200][3977.655s] GC(15) Eden regions: 291->0(285)
[2024-05-03T00:35:23.977+0200][3977.655s] GC(15) Survivor regions: 16->22(39)
[2024-05-03T00:35:23.977+0200][3977.655s] GC(15) Old regions: 31->31
[2024-05-03T00:35:23.977+0200][3977.655s] GC(15) Humongous regions: 8->8
[2024-05-03T00:35:23.977+0200][3977.655s] GC(15) Metaspace: 55451K(57216K)->55451K(57216K) NonClass: 49326K(50432K)->49326K(50432K) Class: 6125K(6784K)->6125K(6784K)
[2024-05-03T00:35:23.977+0200][3977.655s] GC(15) Pause Young (Normal) (G1 Evacuation Pause) 343M->58M(512M) 33.602ms
[2024-05-03T00:35:23.977+0200][3977.655s] GC(15) User=0.38s Sys=0.00s Real=0.03s
[2024-05-03T00:37:42.223+0200][4115.900s] GC(16) Pause Young (Normal) (G1 Evacuation Pause)
[2024-05-03T00:37:42.223+0200][4115.900s] GC(16) Using 13 workers of 13 for evacuation
[2024-05-03T00:37:42.254+0200][4115.932s] GC(16)   Pre Evacuate Collection Set: 0.0ms
[2024-05-03T00:37:42.254+0200][4115.932s] GC(16)   Evacuate Collection Set: 14.9ms
[2024-05-03T00:37:42.254+0200][4115.932s] GC(16)   Post Evacuate Collection Set: 16.5ms
[2024-05-03T00:37:42.254+0200][4115.932s] GC(16)   Other: 0.1ms
[2024-05-03T00:37:42.254+0200][4115.932s] GC(16) Eden regions: 285->0(290)
[2024-05-03T00:37:42.254+0200][4115.932s] GC(16) Survivor regions: 22->17(39)
[2024-05-03T00:37:42.254+0200][4115.932s] GC(16) Old regions: 31->31
[2024-05-03T00:37:42.254+0200][4115.932s] GC(16) Humongous regions: 19->8
[2024-05-03T00:37:42.254+0200][4115.932s] GC(16) Metaspace: 57439K(59264K)->57439K(59264K) NonClass: 51130K(52224K)->51130K(52224K) Class: 6308K(7040K)->6308K(7040K)
[2024-05-03T00:37:42.254+0200][4115.932s] GC(16) Pause Young (Normal) (G1 Evacuation Pause) 354M->54M(512M) 31.538ms
[2024-05-03T00:37:42.254+0200][4115.932s] GC(16) User=0.34s Sys=0.00s Real=0.03s
[2024-05-03T00:37:45.142+0200][4118.820s] GC(17) Pause Young (Normal) (G1 Evacuation Pause)
[2024-05-03T00:37:45.142+0200][4118.820s] GC(17) Using 13 workers of 13 for evacuation
[2024-05-03T00:37:45.178+0200][4118.856s] GC(17)   Pre Evacuate Collection Set: 0.0ms
[2024-05-03T00:37:45.178+0200][4118.856s] GC(17)   Evacuate Collection Set: 16.4ms
[2024-05-03T00:37:45.178+0200][4118.856s] GC(17)   Post Evacuate Collection Set: 19.7ms
[2024-05-03T00:37:45.178+0200][4118.856s] GC(17)   Other: 0.1ms
[2024-05-03T00:37:45.178+0200][4118.856s] GC(17) Eden regions: 290->0(287)
[2024-05-03T00:37:45.178+0200][4118.856s] GC(17) Survivor regions: 17->20(39)
[2024-05-03T00:37:45.178+0200][4118.856s] GC(17) Old regions: 31->31
[2024-05-03T00:37:45.178+0200][4118.856s] GC(17) Humongous regions: 8->8
[2024-05-03T00:37:45.178+0200][4118.856s] GC(17) Metaspace: 57510K(59520K)->57510K(59520K) NonClass: 51201K(52480K)->51201K(52480K) Class: 6308K(7040K)->6308K(7040K)
[2024-05-03T00:37:45.178+0200][4118.856s] GC(17) Pause Young (Normal) (G1 Evacuation Pause) 344M->56M(512M) 36.235ms
[2024-05-03T00:37:45.178+0200][4118.856s] GC(17) User=0.41s Sys=0.00s Real=0.03s
[2024-05-03T00:38:05.015+0200][4138.692s] GC(18) Pause Young (Concurrent Start) (Metadata GC Threshold)
[2024-05-03T00:38:05.015+0200][4138.692s] GC(18) Using 13 workers of 13 for evacuation
[2024-05-03T00:38:05.066+0200][4138.744s] GC(18)   Pre Evacuate Collection Set: 0.2ms
[2024-05-03T00:38:05.066+0200][4138.744s] GC(18)   Evacuate Collection Set: 25.8ms
[2024-05-03T00:38:05.066+0200][4138.744s] GC(18)   Post Evacuate Collection Set: 23.3ms
[2024-05-03T00:38:05.066+0200][4138.744s] GC(18)   Other: 2.6ms
[2024-05-03T00:38:05.066+0200][4138.744s] GC(18) Eden regions: 141->0(289)
[2024-05-03T00:38:05.066+0200][4138.744s] GC(18) Survivor regions: 20->18(39)
[2024-05-03T00:38:05.066+0200][4138.744s] GC(18) Old regions: 31->31
[2024-05-03T00:38:05.066+0200][4138.744s] GC(18) Humongous regions: 18->8
[2024-05-03T00:38:05.066+0200][4138.744s] GC(18) Metaspace: 57657K(59520K)->57657K(59520K) NonClass: 51339K(52480K)->51339K(52480K) Class: 6318K(7040K)->6318K(7040K)
[2024-05-03T00:38:05.066+0200][4138.744s] GC(18) Pause Young (Concurrent Start) (Metadata GC Threshold) 207M->55M(512M) 51.320ms
[2024-05-03T00:38:05.066+0200][4138.744s] GC(18) User=0.51s Sys=0.00s Real=0.05s
[2024-05-03T00:38:05.067+0200][4138.745s] GC(19) Concurrent Cycle
[2024-05-03T00:38:05.067+0200][4138.745s] GC(19) Concurrent Clear Claimed Marks
[2024-05-03T00:38:05.068+0200][4138.745s] GC(19) Concurrent Clear Claimed Marks 0.523ms
[2024-05-03T00:38:05.068+0200][4138.745s] GC(19) Concurrent Scan Root Regions
[2024-05-03T00:38:05.074+0200][4138.751s] GC(19) Concurrent Scan Root Regions 5.806ms
[2024-05-03T00:38:05.074+0200][4138.751s] GC(19) Concurrent Mark (4138.751s)
[2024-05-03T00:38:05.074+0200][4138.751s] GC(19) Concurrent Mark From Roots
[2024-05-03T00:38:05.074+0200][4138.751s] GC(19) Using 3 workers of 3 for marking
[2024-05-03T00:38:05.109+0200][4138.786s] GC(19) Concurrent Mark From Roots 34.944ms
[2024-05-03T00:38:05.109+0200][4138.786s] GC(19) Concurrent Preclean
[2024-05-03T00:38:05.109+0200][4138.787s] GC(19) Concurrent Preclean 0.685ms
[2024-05-03T00:38:05.109+0200][4138.787s] GC(19) Concurrent Mark (4138.751s, 4138.787s) 35.708ms
[2024-05-03T00:38:05.110+0200][4138.787s] GC(19) Pause Remark
[2024-05-03T00:38:05.173+0200][4138.850s] GC(19) Cleaned string and symbol table, strings: 26850 processed, 842 removed, symbols: 132534 processed, 580 removed
[2024-05-03T00:38:05.175+0200][4138.852s] GC(19) Pause Remark 68M->68M(512M) 65.251ms
[2024-05-03T00:38:05.175+0200][4138.852s] GC(19) User=0.66s Sys=0.00s Real=0.07s
[2024-05-03T00:38:05.175+0200][4138.853s] GC(19) Concurrent Rebuild Remembered Sets
[2024-05-03T00:38:05.181+0200][4138.858s] GC(19) Concurrent Rebuild Remembered Sets 5.477ms
[2024-05-03T00:38:05.181+0200][4138.858s] GC(19) Pause Cleanup
[2024-05-03T00:38:05.181+0200][4138.859s] GC(19) Pause Cleanup 69M->69M(512M) 0.209ms
[2024-05-03T00:38:05.181+0200][4138.859s] GC(19) User=0.00s Sys=0.00s Real=0.00s
[2024-05-03T00:38:05.181+0200][4138.859s] GC(19) Concurrent Cleanup for Next Mark
[2024-05-03T00:38:05.190+0200][4138.867s] GC(19) Concurrent Cleanup for Next Mark 8.367ms
[2024-05-03T00:38:05.190+0200][4138.867s] GC(19) Concurrent Cycle 122.653ms
[2024-05-03T00:55:01.326+0200][5155.003s] Heap
[2024-05-03T00:55:01.326+0200][5155.003s]  garbage-first heap   total 524288K, used 97291K [0x00000000e0000000, 0x0000000100000000)
[2024-05-03T00:55:01.326+0200][5155.003s]   region size 1024K, 60 young (61440K), 18 survivors (18432K)
[2024-05-03T00:55:01.326+0200][5155.003s]  Metaspace       used 58797K, capacity 60412K, committed 61004K, reserved 1103872K
[2024-05-03T00:55:01.326+0200][5155.003s]   class space    used 6387K, capacity 7030K, committed 7296K, reserved 1048576K
