[2024-05-03T01:01:17.031+0200][0.006s] Heap region size: 1M
[2024-05-03T01:01:17.224+0200][0.199s] Using G1
[2024-05-03T01:01:17.224+0200][0.199s] Heap address: 0x00000000e0000000, size: 512 MB, Compressed Oops mode: 32-bit
[2024-05-03T01:01:17.224+0200][0.199s] Mark closed archive regions in map: [0x00000000fff00000, 0x00000000fff6bff8]
[2024-05-03T01:01:17.224+0200][0.199s] Mark open archive regions in map: [0x00000000ffe00000, 0x00000000ffe47ff8]
[2024-05-03T01:01:17.828+0200][0.803s] GC(0) Pause Young (Normal) (G1 Evacuation Pause)
[2024-05-03T01:01:17.830+0200][0.805s] GC(0) Using 12 workers of 13 for evacuation
[2024-05-03T01:01:17.835+0200][0.810s] GC(0)   Pre Evacuate Collection Set: 0.0ms
[2024-05-03T01:01:17.835+0200][0.810s] GC(0)   Evacuate Collection Set: 4.3ms
[2024-05-03T01:01:17.835+0200][0.810s] GC(0)   Post Evacuate Collection Set: 0.6ms
[2024-05-03T01:01:17.835+0200][0.810s] GC(0)   Other: 2.7ms
[2024-05-03T01:01:17.835+0200][0.810s] GC(0) Eden regions: 30->0(303)
[2024-05-03T01:01:17.835+0200][0.810s] GC(0) Survivor regions: 0->4(4)
[2024-05-03T01:01:17.835+0200][0.810s] GC(0) Old regions: 2->3
[2024-05-03T01:01:17.835+0200][0.810s] GC(0) Humongous regions: 0->0
[2024-05-03T01:01:17.835+0200][0.810s] GC(0) Metaspace: 9554K(10240K)->9554K(10240K) NonClass: 8438K(8960K)->8438K(8960K) Class: 1115K(1280K)->1115K(1280K)
[2024-05-03T01:01:17.835+0200][0.810s] GC(0) Pause Young (Normal) (G1 Evacuation Pause) 30M->4M(512M) 7.716ms
[2024-05-03T01:01:17.835+0200][0.810s] GC(0) User=0.05s Sys=0.00s Real=0.01s
[2024-05-03T01:01:18.572+0200][1.547s] GC(1) Pause Young (Concurrent Start) (Metadata GC Threshold)
[2024-05-03T01:01:18.572+0200][1.547s] GC(1) Using 13 workers of 13 for evacuation
[2024-05-03T01:01:18.586+0200][1.561s] GC(1)   Pre Evacuate Collection Set: 0.2ms
[2024-05-03T01:01:18.586+0200][1.561s] GC(1)   Evacuate Collection Set: 12.4ms
[2024-05-03T01:01:18.586+0200][1.561s] GC(1)   Post Evacuate Collection Set: 1.2ms
[2024-05-03T01:01:18.586+0200][1.561s] GC(1)   Other: 0.9ms
[2024-05-03T01:01:18.586+0200][1.561s] GC(1) Eden regions: 91->0(90)
[2024-05-03T01:01:18.586+0200][1.561s] GC(1) Survivor regions: 4->19(39)
[2024-05-03T01:01:18.586+0200][1.561s] GC(1) Old regions: 3->3
[2024-05-03T01:01:18.586+0200][1.561s] GC(1) Humongous regions: 4->4
[2024-05-03T01:01:18.586+0200][1.561s] GC(1) Metaspace: 20445K(21248K)->20445K(21248K) NonClass: 18113K(18688K)->18113K(18688K) Class: 2332K(2560K)->2332K(2560K)
[2024-05-03T01:01:18.586+0200][1.561s] GC(1) Pause Young (Concurrent Start) (Metadata GC Threshold) 99M->22M(512M) 14.701ms
[2024-05-03T01:01:18.586+0200][1.561s] GC(1) User=0.09s Sys=0.00s Real=0.02s
[2024-05-03T01:01:18.586+0200][1.561s] GC(2) Concurrent Cycle
[2024-05-03T01:01:18.586+0200][1.561s] GC(2) Concurrent Clear Claimed Marks
[2024-05-03T01:01:18.586+0200][1.561s] GC(2) Concurrent Clear Claimed Marks 0.060ms
[2024-05-03T01:01:18.586+0200][1.561s] GC(2) Concurrent Scan Root Regions
[2024-05-03T01:01:18.589+0200][1.564s] GC(2) Concurrent Scan Root Regions 2.546ms
[2024-05-03T01:01:18.589+0200][1.564s] GC(2) Concurrent Mark (1.564s)
[2024-05-03T01:01:18.589+0200][1.564s] GC(2) Concurrent Mark From Roots
[2024-05-03T01:01:18.589+0200][1.564s] GC(2) Using 3 workers of 3 for marking
[2024-05-03T01:01:18.593+0200][1.568s] GC(2) Concurrent Mark From Roots 4.160ms
[2024-05-03T01:01:18.593+0200][1.568s] GC(2) Concurrent Preclean
[2024-05-03T01:01:18.593+0200][1.568s] GC(2) Concurrent Preclean 0.089ms
[2024-05-03T01:01:18.593+0200][1.568s] GC(2) Concurrent Mark (1.564s, 1.568s) 4.305ms
[2024-05-03T01:01:18.594+0200][1.569s] GC(2) Pause Remark
[2024-05-03T01:01:18.598+0200][1.573s] GC(2) Cleaned string and symbol table, strings: 8629 processed, 0 removed, symbols: 58847 processed, 42 removed
[2024-05-03T01:01:18.598+0200][1.573s] GC(2) Pause Remark 23M->23M(512M) 4.494ms
[2024-05-03T01:01:18.598+0200][1.573s] GC(2) User=0.02s Sys=0.00s Real=0.00s
[2024-05-03T01:01:18.599+0200][1.574s] GC(2) Concurrent Rebuild Remembered Sets
[2024-05-03T01:01:18.604+0200][1.579s] GC(2) Concurrent Rebuild Remembered Sets 5.701ms
[2024-05-03T01:01:18.606+0200][1.581s] GC(2) Pause Cleanup
[2024-05-03T01:01:18.606+0200][1.581s] GC(2) Pause Cleanup 23M->23M(512M) 0.223ms
[2024-05-03T01:01:18.606+0200][1.581s] GC(2) User=0.00s Sys=0.00s Real=0.00s
[2024-05-03T01:01:18.606+0200][1.581s] GC(2) Concurrent Cleanup for Next Mark
[2024-05-03T01:01:18.611+0200][1.586s] GC(2) Concurrent Cleanup for Next Mark 4.940ms
[2024-05-03T01:01:18.611+0200][1.586s] GC(2) Concurrent Cycle 25.009ms
[2024-05-03T01:01:19.201+0200][2.176s] GC(3) Pause Young (Normal) (G1 Evacuation Pause)
[2024-05-03T01:01:19.201+0200][2.176s] GC(3) Using 13 workers of 13 for evacuation
[2024-05-03T01:01:19.211+0200][2.186s] GC(3)   Pre Evacuate Collection Set: 0.0ms
[2024-05-03T01:01:19.211+0200][2.186s] GC(3)   Evacuate Collection Set: 7.6ms
[2024-05-03T01:01:19.211+0200][2.186s] GC(3)   Post Evacuate Collection Set: 2.1ms
[2024-05-03T01:01:19.211+0200][2.186s] GC(3)   Other: 0.1ms
[2024-05-03T01:01:19.211+0200][2.186s] GC(3) Eden regions: 83->0(102)
[2024-05-03T01:01:19.211+0200][2.186s] GC(3) Survivor regions: 19->10(13)
[2024-05-03T01:01:19.211+0200][2.186s] GC(3) Old regions: 3->20
[2024-05-03T01:01:19.211+0200][2.186s] GC(3) Humongous regions: 6->5
[2024-05-03T01:01:19.211+0200][2.186s] GC(3) Metaspace: 29867K(30976K)->29867K(30976K) NonClass: 26418K(27136K)->26418K(27136K) Class: 3448K(3840K)->3448K(3840K)
[2024-05-03T01:01:19.211+0200][2.186s] GC(3) Pause Young (Normal) (G1 Evacuation Pause) 107M->33M(512M) 9.891ms
[2024-05-03T01:01:19.211+0200][2.186s] GC(3) User=0.12s Sys=0.00s Real=0.01s
[2024-05-03T01:01:19.533+0200][2.508s] GC(4) Pause Young (Normal) (G1 Evacuation Pause)
[2024-05-03T01:01:19.533+0200][2.508s] GC(4) Using 13 workers of 13 for evacuation
[2024-05-03T01:01:19.536+0200][2.511s] GC(4)   Pre Evacuate Collection Set: 0.0ms
[2024-05-03T01:01:19.536+0200][2.511s] GC(4)   Evacuate Collection Set: 2.4ms
[2024-05-03T01:01:19.536+0200][2.511s] GC(4)   Post Evacuate Collection Set: 0.6ms
[2024-05-03T01:01:19.536+0200][2.511s] GC(4)   Other: 0.2ms
[2024-05-03T01:01:19.536+0200][2.511s] GC(4) Eden regions: 102->0(262)
[2024-05-03T01:01:19.536+0200][2.511s] GC(4) Survivor regions: 10->3(14)
[2024-05-03T01:01:19.536+0200][2.511s] GC(4) Old regions: 20->30
[2024-05-03T01:01:19.536+0200][2.511s] GC(4) Humongous regions: 5->5
[2024-05-03T01:01:19.536+0200][2.511s] GC(4) Metaspace: 32823K(33920K)->32823K(33920K) NonClass: 29018K(29696K)->29018K(29696K) Class: 3804K(4224K)->3804K(4224K)
[2024-05-03T01:01:19.536+0200][2.511s] GC(4) Pause Young (Normal) (G1 Evacuation Pause) 135M->35M(512M) 3.240ms
[2024-05-03T01:01:19.536+0200][2.511s] GC(4) User=0.03s Sys=0.01s Real=0.00s
[2024-05-03T01:01:19.742+0200][2.717s] GC(5) Pause Young (Concurrent Start) (Metadata GC Threshold)
[2024-05-03T01:01:19.742+0200][2.717s] GC(5) Using 13 workers of 13 for evacuation
[2024-05-03T01:01:19.746+0200][2.721s] GC(5)   Pre Evacuate Collection Set: 0.1ms
[2024-05-03T01:01:19.746+0200][2.721s] GC(5)   Evacuate Collection Set: 3.0ms
[2024-05-03T01:01:19.746+0200][2.721s] GC(5)   Post Evacuate Collection Set: 0.6ms
[2024-05-03T01:01:19.746+0200][2.721s] GC(5)   Other: 0.2ms
[2024-05-03T01:01:19.746+0200][2.721s] GC(5) Eden regions: 107->0(301)
[2024-05-03T01:01:19.746+0200][2.721s] GC(5) Survivor regions: 3->3(34)
[2024-05-03T01:01:19.746+0200][2.721s] GC(5) Old regions: 30->30
[2024-05-03T01:01:19.746+0200][2.721s] GC(5) Humongous regions: 5->5
[2024-05-03T01:01:19.746+0200][2.721s] GC(5) Metaspace: 34514K(35584K)->34514K(35584K) NonClass: 30532K(31232K)->30532K(31232K) Class: 3981K(4352K)->3981K(4352K)
[2024-05-03T01:01:19.746+0200][2.721s] GC(5) Pause Young (Concurrent Start) (Metadata GC Threshold) 142M->35M(512M) 3.956ms
[2024-05-03T01:01:19.746+0200][2.721s] GC(5) User=0.02s Sys=0.00s Real=0.00s
[2024-05-03T01:01:19.746+0200][2.722s] GC(6) Concurrent Cycle
[2024-05-03T01:01:19.747+0200][2.722s] GC(6) Concurrent Clear Claimed Marks
[2024-05-03T01:01:19.747+0200][2.722s] GC(6) Concurrent Clear Claimed Marks 0.067ms
[2024-05-03T01:01:19.747+0200][2.722s] GC(6) Concurrent Scan Root Regions
[2024-05-03T01:01:19.748+0200][2.723s] GC(6) Concurrent Scan Root Regions 1.325ms
[2024-05-03T01:01:19.748+0200][2.723s] GC(6) Concurrent Mark (2.723s)
[2024-05-03T01:01:19.748+0200][2.723s] GC(6) Concurrent Mark From Roots
[2024-05-03T01:01:19.748+0200][2.723s] GC(6) Using 3 workers of 3 for marking
[2024-05-03T01:01:19.757+0200][2.732s] GC(6) Concurrent Mark From Roots 8.856ms
[2024-05-03T01:01:19.757+0200][2.732s] GC(6) Concurrent Preclean
[2024-05-03T01:01:19.757+0200][2.732s] GC(6) Concurrent Preclean 0.115ms
[2024-05-03T01:01:19.757+0200][2.732s] GC(6) Concurrent Mark (2.723s, 2.732s) 9.018ms
[2024-05-03T01:01:19.757+0200][2.732s] GC(6) Pause Remark
[2024-05-03T01:01:19.761+0200][2.736s] GC(6) Cleaned string and symbol table, strings: 16936 processed, 34 removed, symbols: 98472 processed, 100 removed
[2024-05-03T01:01:19.762+0200][2.737s] GC(6) Pause Remark 37M->37M(512M) 4.453ms
[2024-05-03T01:01:19.762+0200][2.737s] GC(6) User=0.04s Sys=0.01s Real=0.00s
[2024-05-03T01:01:19.762+0200][2.737s] GC(6) Concurrent Rebuild Remembered Sets
[2024-05-03T01:01:19.768+0200][2.743s] GC(6) Concurrent Rebuild Remembered Sets 6.076ms
[2024-05-03T01:01:19.769+0200][2.744s] GC(6) Pause Cleanup
[2024-05-03T01:01:19.769+0200][2.744s] GC(6) Pause Cleanup 38M->38M(512M) 0.215ms
[2024-05-03T01:01:19.769+0200][2.744s] GC(6) User=0.00s Sys=0.00s Real=0.00s
[2024-05-03T01:01:19.769+0200][2.744s] GC(6) Concurrent Cleanup for Next Mark
[2024-05-03T01:01:19.770+0200][2.745s] GC(6) Concurrent Cleanup for Next Mark 0.742ms
[2024-05-03T01:01:19.770+0200][2.745s] GC(6) Concurrent Cycle 23.393ms
[2024-05-03T01:03:34.629+0200][137.604s] GC(7) Pause Young (Normal) (G1 Evacuation Pause)
[2024-05-03T01:03:34.629+0200][137.604s] GC(7) Using 13 workers of 13 for evacuation
[2024-05-03T01:03:34.655+0200][137.630s] GC(7)   Pre Evacuate Collection Set: 0.1ms
[2024-05-03T01:03:34.655+0200][137.630s] GC(7)   Evacuate Collection Set: 21.5ms
[2024-05-03T01:03:34.655+0200][137.630s] GC(7)   Post Evacuate Collection Set: 4.5ms
[2024-05-03T01:03:34.655+0200][137.630s] GC(7)   Other: 0.2ms
[2024-05-03T01:03:34.655+0200][137.630s] GC(7) Eden regions: 301->0(291)
[2024-05-03T01:03:34.655+0200][137.630s] GC(7) Survivor regions: 3->16(38)
[2024-05-03T01:03:34.655+0200][137.630s] GC(7) Old regions: 30->30
[2024-05-03T01:03:34.655+0200][137.630s] GC(7) Humongous regions: 8->8
[2024-05-03T01:03:34.655+0200][137.630s] GC(7) Metaspace: 48152K(49664K)->48152K(49664K) NonClass: 42557K(43520K)->42557K(43520K) Class: 5595K(6144K)->5595K(6144K)
[2024-05-03T01:03:34.655+0200][137.630s] GC(7) Pause Young (Normal) (G1 Evacuation Pause) 339M->51M(512M) 26.273ms
[2024-05-03T01:03:34.655+0200][137.630s] GC(7) User=0.31s Sys=0.00s Real=0.03s
[2024-05-03T01:04:39.196+0200][202.171s] Heap
[2024-05-03T01:04:39.196+0200][202.171s]  garbage-first heap   total 524288K, used 63857K [0x00000000e0000000, 0x0000000100000000)
[2024-05-03T01:04:39.196+0200][202.171s]   region size 1024K, 28 young (28672K), 16 survivors (16384K)
[2024-05-03T01:04:39.196+0200][202.171s]  Metaspace       used 48504K, capacity 49677K, committed 49920K, reserved 1093632K
[2024-05-03T01:04:39.196+0200][202.171s]   class space    used 5630K, capacity 6144K, committed 6144K, reserved 1048576K
